// Jest Snapshot v1, https://goo.gl/fbAQLP

exports[`meme display component renders a meme display 1`] = `<Meme />`;
