// Jest Snapshot v1, https://goo.gl/fbAQLP

exports[`Display Renders display 1`] = `
<section>
  <h2>
    ugh
  </h2>
  <img
    style={
      Object {
        "height": "250px",
        "width": "250px",
      }
    }
  />
  <h2>
    no
  </h2>
</section>
`;
