// Jest Snapshot v1, https://goo.gl/fbAQLP

exports[`Meme component renders a Meme 1`] = `
<Fragment>
  <TextSelector
    footerText=""
    handleChange={[Function]}
    headerText=""
    image=""
  />
  <Display
    footerText=""
    headerText=""
    image=""
  />
</Fragment>
`;
